### START SCREEN ###

jard >>






















### END SCREEN ###
### START SEND_KEYS ###
["jard color-scheme NotExistedScheme", :Enter]
### END SEND_KEYS ###
### START SCREEN ###

jard >> jard color-scheme NotExistedScheme
Error: Color scheme `NotExistedScheme` not found. Please use `jard color-scheme -l` to list all color schemes.
jard >>



















### END SCREEN ###
