### START SCREEN ###

From: ????????????????????????????????????????????????????????????????????????????????????????????????????????????????????????????

    14: def calculate(a, b, c)
    15:   d = a + b
 => 16:   binding.pry
    17:   e = SubCalculator.new.calculate(d)
    18:   binding.pry
    19:   e + c
    20: end

[1] pry(#<Calculator>)>


















### END SCREEN ###
### START SEND_KEYS ###
["exit", :Enter]
### END SEND_KEYS ###
### START SCREEN ###

From: ????????????????????????????????????????????????????????????????????????????????????????????????????????????????????????????

    14: def calculate(a, b, c)
    15:   d = a + b
 => 16:   binding.pry
    17:   e = SubCalculator.new.calculate(d)
    18:   binding.pry
    19:   e + c
    20: end

[1] pry(#<Calculator>)> exit

From: ????????????????????????????????????????????????????????????????????????????????????????????????????????????????????????????

    14: def calculate(a, b, c)
    15:   d = a + b
    16:   binding.pry
    17:   e = SubCalculator.new.calculate(d)
 => 18:   binding.pry
    19:   e + c
    20: end

[1] pry(#<Calculator>)>






### END SCREEN ###
