### START SCREEN ###

[12, 21] in ??????????????????????????????????????????????????????????????????????????????????????????????????????????????????????
   12:
   13: class Calculator
   14:   def calculate(a, b, c)
   15:     d = a + b
   16:     debugger
=> 17:     e = SubCalculator.new.calculate(d)
   18:     debugger
   19:     e + c
   20:   end
   21: end
(byebug)

















### END SCREEN ###
### START SEND_KEYS ###
["continue", :Enter]
### END SEND_KEYS ###
### START SCREEN ###

[12, 21] in ??????????????????????????????????????????????????????????????????????????????????????????????????????????????????????
   12:
   13: class Calculator
   14:   def calculate(a, b, c)
   15:     d = a + b
   16:     debugger
=> 17:     e = SubCalculator.new.calculate(d)
   18:     debugger
   19:     e + c
   20:   end
   21: end
(byebug) continue

[14, 23] in ??????????????????????????????????????????????????????????????????????????????????????????????????????????????????????
   14:   def calculate(a, b, c)
   15:     d = a + b
   16:     debugger
   17:     e = SubCalculator.new.calculate(d)
   18:     debugger
=> 19:     e + c
   20:   end
   21: end
   22:
   23: Calculator.new.calculate(1, 2, 3)
(byebug)




### END SCREEN ###
